// Jest Snapshot v1, https://goo.gl/fbAQLP

exports[`Components: <Spot /> Create a snapshot. 1`] = `
<Spot
  classes={
    Object {
      "spot": "Spot-spot-1 Spot-spot-2",
    }
  }
>
  Lorem ipsum dolor sit amet consectetur adipisicing elit.
</Spot>
`;
